I'm sorry, but errors were detected in your script. Please correct the
errors listed below, and try again.


File "game/ted.rpy", line 72: reached end of line when expecting ':'.
    if weekTwoTed == True
                         ^

Ren'Py Version: Ren'Py 7.3.5.606
Sun Apr 19 20:52:49 2020
